[33mÔØ»[39m Building...
[32mÔ£ö[39m Building...
[1mInitial chunk files[22m                     [2m | [22m[1mNames[22m                                [2m | [22m [1mRaw size[22m
[32mchunk-DFAYEEUX.js[39m                       [2m | [22m[2m-[22m                                    [2m | [22m  [36m2.28 MB[39m[2m | [22m
[32mpolyfills.js[39m                            [2m | [22m[2mpolyfills[22m                            [2m | [22m  [36m1.03 MB[39m[2m | [22m
[32mspec-advanced-graphics.component.spec.js[39m[2m | [22m[2mspec-advanced-graphics.component.spec[22m[2m | [22m[36m502.81 kB[39m[2m | [22m
[32mchunk-TWITZRFS.js[39m                       [2m | [22m[2m-[22m                                    [2m | [22m[36m487.25 kB[39m[2m | [22m
[32mchunk-2QYPUMNE.js[39m                       [2m | [22m[2m-[22m                                    [2m | [22m[36m461.69 kB[39m[2m | [22m
[32mchunk-FWFBFHPJ.js[39m                       [2m | [22m[2m-[22m                                    [2m | [22m[36m424.79 kB[39m[2m | [22m
[32mchunk-H6CI6DZG.js[39m                       [2m | [22m[2m-[22m                                    [2m | [22m[36m316.62 kB[39m[2m | [22m
[32mchunk-5QVVZGHZ.js[39m                       [2m | [22m[2m-[22m                                    [2m | [22m[36m288.78 kB[39m[2m | [22m
[32mchunk-IZSU5CHJ.js[39m                       [2m | [22m[2m-[22m                                    [2m | [22m[36m252.74 kB[39m[2m | [22m
[32mchunk-CMD5RMUI.js[39m                       [2m | [22m[2m-[22m                                    [2m | [22m[36m248.40 kB[39m[2m | [22m
[32mchunk-VPOPEJW4.js[39m                       [2m | [22m[2m-[22m                                    [2m | [22m[36m229.69 kB[39m[2m | [22m
[32mchunk-E42NCXKT.js[39m                       [2m | [22m[2m-[22m                                    [2m | [22m[36m198.14 kB[39m[2m | [22m
[32mchunk-TDRUHK33.js[39m                       [2m | [22m[2m-[22m                                    [2m | [22m[36m167.09 kB[39m[2m | [22m
[32mspec-login.spec.js[39m                      [2m | [22m[2mspec-login.spec[22m                      [2m | [22m[36m123.03 kB[39m[2m | [22m
[32mspec-transaction-manager.spec.js[39m        [2m | [22m[2mspec-transaction-manager.spec[22m        [2m | [22m[36m101.46 kB[39m[2m | [22m
[32mchunk-OFNKAWNE.js[39m                       [2m | [22m[2m-[22m                                    [2m | [22m [36m97.01 kB[39m[2m | [22m
[32mstyles.css[39m                              [2m | [22m[2mstyles[22m                               [2m | [22m [36m91.14 kB[39m[2m | [22m
[32mchunk-6OVOJKM6.js[39m                       [2m | [22m[2m-[22m                                    [2m | [22m [36m75.85 kB[39m[2m | [22m
[32mchunk-APLLEH5D.js[39m                       [2m | [22m[2m-[22m                                    [2m | [22m [36m70.03 kB[39m[2m | [22m
[32mjasmine-cleanup-1.js[39m                    [2m | [22m[2mjasmine-cleanup-1[22m                    [2m | [22m [36m67.20 kB[39m[2m | [22m
[32mspec-dashboard.spec.js[39m                  [2m | [22m[2mspec-dashboard.spec[22m                  [2m | [22m [36m48.04 kB[39m[2m | [22m
[32mchunk-UT4AAFS6.js[39m                       [2m | [22m[2m-[22m                                    [2m | [22m [36m47.25 kB[39m[2m | [22m
[32mchunk-AGODCUEF.js[39m                       [2m | [22m[2m-[22m                                    [2m | [22m [36m44.34 kB[39m[2m | [22m
[32mchunk-Q32HFC74.js[39m                       [2m | [22m[2m-[22m                                    [2m | [22m [36m43.44 kB[39m[2m | [22m
[32mchunk-MJGRL5GG.js[39m                       [2m | [22m[2m-[22m                                    [2m | [22m [36m38.77 kB[39m[2m | [22m
[32mspec-app.spec.js[39m                        [2m | [22m[2mspec-app.spec[22m                        [2m | [22m [36m31.08 kB[39m[2m | [22m
[32mchunk-HGNLWDFL.js[39m                       [2m | [22m[2m-[22m                                    [2m | [22m [36m29.09 kB[39m[2m | [22m
[32mspec-category-manager.spec.js[39m           [2m | [22m[2mspec-category-manager.spec[22m           [2m | [22m [36m28.37 kB[39m[2m | [22m
[32mchunk-PRL5AREC.js[39m                       [2m | [22m[2m-[22m                                    [2m | [22m [36m26.03 kB[39m[2m | [22m
[32mspec-email-verification.spec.js[39m         [2m | [22m[2mspec-email-verification.spec[22m         [2m | [22m [36m23.03 kB[39m[2m | [22m
[32mchunk-XLYNANYU.js[39m                       [2m | [22m[2m-[22m                                    [2m | [22m [36m22.57 kB[39m[2m | [22m
[32mchunk-DPJZ5EQJ.js[39m                       [2m | [22m[2m-[22m                                    [2m | [22m [36m21.06 kB[39m[2m | [22m
[32mchunk-36N3D2TN.js[39m                       [2m | [22m[2m-[22m                                    [2m | [22m [36m20.46 kB[39m[2m | [22m
[32mchunk-OGYUYN3H.js[39m                       [2m | [22m[2m-[22m                                    [2m | [22m [36m14.14 kB[39m[2m | [22m
[32mchunk-ZBH5542T.js[39m                       [2m | [22m[2m-[22m                                    [2m | [22m [36m12.24 kB[39m[2m | [22m
[32mchunk-UBNOSJRY.js[39m                       [2m | [22m[2m-[22m                                    [2m | [22m  [36m8.61 kB[39m[2m | [22m
[32mchunk-BLCU35KR.js[39m                       [2m | [22m[2m-[22m                                    [2m | [22m  [36m6.59 kB[39m[2m | [22m
[32mchunk-GQZUC6UE.js[39m                       [2m | [22m[2m-[22m                                    [2m | [22m  [36m4.98 kB[39m[2m | [22m
[32mtest_main.js[39m                            [2m | [22m[2mtest_main[22m                            [2m | [22m  [36m4.39 kB[39m[2m | [22m
[32mspec-auth.service.spec.js[39m               [2m | [22m[2mspec-auth.service.spec[22m               [2m | [22m  [36m4.33 kB[39m[2m | [22m
[32mchunk-MJ5GLVHK.js[39m                       [2m | [22m[2m-[22m                                    [2m | [22m  [36m3.58 kB[39m[2m | [22m
[32mspec-transaction.service.spec.js[39m        [2m | [22m[2mspec-transaction.service.spec[22m        [2m | [22m  [36m3.45 kB[39m[2m | [22m
[32mspec-budget.service.spec.js[39m             [2m | [22m[2mspec-budget.service.spec[22m             [2m | [22m  [36m2.73 kB[39m[2m | [22m
[32mchunk-4H5ZBQAD.js[39m                       [2m | [22m[2m-[22m                                    [2m | [22m  [36m1.98 kB[39m[2m | [22m
[32mspec-account-manager.spec.js[39m            [2m | [22m[2mspec-account-manager.spec[22m            [2m | [22m  [36m1.86 kB[39m[2m | [22m
[32mspec-budget-manager.spec.js[39m             [2m | [22m[2mspec-budget-manager.spec[22m             [2m | [22m  [36m1.84 kB[39m[2m | [22m
[32mspec-transaction-form.spec.js[39m           [2m | [22m[2mspec-transaction-form.spec[22m           [2m | [22m  [36m1.83 kB[39m[2m | [22m
[32mchunk-QGGOWFPF.js[39m                       [2m | [22m[2m-[22m                                    [2m | [22m  [36m1.81 kB[39m[2m | [22m
[32mchunk-LQEP3FFU.js[39m                       [2m | [22m[2m-[22m                                    [2m | [22m  [36m1.32 kB[39m[2m | [22m
[32mchunk-KXRZLJJG.js[39m                       [2m | [22m[2m-[22m                                    [2m | [22m  [36m1.32 kB[39m[2m | [22m
[32mchunk-U45E3SBW.js[39m                       [2m | [22m[2m-[22m                                    [2m | [22m  [36m1.01 kB[39m[2m | [22m
[32mchunk-7AAI3CTB.js[39m                       [2m | [22m[2m-[22m                                    [2m | [22m[36m878 bytes[39m[2m | [22m
[32mjasmine-cleanup-0.js[39m                    [2m | [22m[2mjasmine-cleanup-0[22m                    [2m | [22m[36m519 bytes[39m[2m | [22m

[1m [22m                                       [2m | [22m[1mInitial total[22m                        [2m | [22m  [1m8.02 MB[22m

Application bundle generation complete. [2.846 seconds] - 2025-12-16T01:32:39.506Z

[32m15 12 2025 22:32:39.671:INFO [karma-server]: [39mKarma v6.4.4 server started at http://localhost:9876/
[32m15 12 2025 22:32:39.671:INFO [launcher]: [39mLaunching browsers Chrome with concurrency unlimited
[32m15 12 2025 22:32:39.674:INFO [launcher]: [39mStarting browser Chrome
[32m15 12 2025 22:32:40.703:INFO [Chrome 143.0.0.0 (Windows 10)]: [39mConnected on socket BVblOWjRNR5lfkNyAAAB with id 21138268
Chrome 143.0.0.0 (Windows 10): Executed 0 of 37[32m SUCCESS[39m (0 secs / 0 secs)
[1A[2K[31mChrome 143.0.0.0 (Windows 10) TransactionManager should handle error on load FAILED[39m
	╔ÁNotFound: NG0201: No provider found for `ActivatedRoute`. Source: Standalone[TransactionManager2]. Find more at https://v20.angular.dev/errors/NG0201
	error properties: Object({ code: -201, ngErrorCode: -201, ngErrorMessage: 'No provider found for `ActivatedRoute`.', ngTokenPath: [ 'ActivatedRoute' ] })
	╔ÁNotFound: NG0201: No provider found for `ActivatedRoute`. Source: Standalone[TransactionManager2]. Find more at https://v20.angular.dev/errors/NG0201
	    at createRuntimeError (node_modules/@angular/core/fesm2022/root_effect_scheduler.mjs:924:19)
	    at NullInjector.get (node_modules/@angular/core/fesm2022/root_effect_scheduler.mjs:1494:27)
	    at R3Injector.get (node_modules/@angular/core/fesm2022/root_effect_scheduler.mjs:2052:33)
	    at R3Injector.get (node_modules/@angular/core/fesm2022/root_effect_scheduler.mjs:2052:33)
	    at R3Injector.get (node_modules/@angular/core/fesm2022/root_effect_scheduler.mjs:2052:33)
	    at ChainedInjector.get (node_modules/@angular/core/fesm2022/debug_node.mjs:13422:36)
	    at lookupTokenUsingModuleInjector (node_modules/@angular/core/fesm2022/debug_node.mjs:1718:39)
	    at getOrCreateInjectable (node_modules/@angular/core/fesm2022/debug_node.mjs:1766:12)
	    at ╔Á╔ÁdirectiveInject (node_modules/@angular/core/fesm2022/debug_node.mjs:13473:19)
	    at ╔Á╔Áinject (node_modules/@angular/core/fesm2022/root_effect_scheduler.mjs:1061:42)
	TypeError: Cannot read properties of undefined (reading 'getTransactions')
	    at UserContext.<anonymous> (src/app/components/transaction-manager/transaction-manager.spec.ts:105:24)
	    at _ZoneDelegate.invoke (node_modules/zone.js/fesm2015/zone.js:398:28)
	    at _ProxyZoneSpec.onInvoke (node_modules/zone.js/fesm2015/zone-testing.js:2132:39)
	    at _ZoneDelegate.invoke (node_modules/zone.js/fesm2015/zone.js:397:34)
	    at ZoneImpl.run (node_modules/zone.js/fesm2015/zone.js:113:43)
	    at runInTestZone (node_modules/zone.js/fesm2015/zone-testing.js:216:38)
	    at UserContext.<anonymous> (node_modules/zone.js/fesm2015/zone-testing.js:234:32)
	    at <Jasmine>
Chrome 143.0.0.0 (Windows 10): Executed 1 of 37[31m (1 FAILED)[39m (0 secs / 0.338 secs)
[1A[2K[31mChrome 143.0.0.0 (Windows 10) TransactionManager should delete transaction FAILED[39m
	╔ÁNotFound: NG0201: No provider found for `ActivatedRoute`. Source: Standalone[TransactionManager2]. Find more at https://v20.angular.dev/errors/NG0201
	error properties: Object({ code: -201, ngErrorCode: -201, ngErrorMessage: 'No provider found for `ActivatedRoute`.', ngTokenPath: [ 'ActivatedRoute' ] })
	╔ÁNotFound: NG0201: No provider found for `ActivatedRoute`. Source: Standalone[TransactionManager2]. Find more at https://v20.angular.dev/errors/NG0201
	    at createRuntimeError (node_modules/@angular/core/fesm2022/root_effect_scheduler.mjs:924:19)
	    at NullInjector.get (node_modules/@angular/core/fesm2022/root_effect_scheduler.mjs:1494:27)
	    at R3Injector.get (node_modules/@angular/core/fesm2022/root_effect_scheduler.mjs:2052:33)
	    at R3Injector.get (node_modules/@angular/core/fesm2022/root_effect_scheduler.mjs:2052:33)
	    at R3Injector.get (node_modules/@angular/core/fesm2022/root_effect_scheduler.mjs:2052:33)
	    at ChainedInjector.get (node_modules/@angular/core/fesm2022/debug_node.mjs:13422:36)
	    at lookupTokenUsingModuleInjector (node_modules/@angular/core/fesm2022/debug_node.mjs:1718:39)
	    at getOrCreateInjectable (node_modules/@angular/core/fesm2022/debug_node.mjs:1766:12)
	    at ╔Á╔ÁdirectiveInject (node_modules/@angular/core/fesm2022/debug_node.mjs:13473:19)
	    at ╔Á╔Áinject (node_modules/@angular/core/fesm2022/root_effect_scheduler.mjs:1061:42)
	TypeError: Cannot read properties of undefined (reading 'deleteTransaction')
	    at UserContext.<anonymous> (src/app/components/transaction-manager/transaction-manager.spec.ts:134:24)
	    at _ZoneDelegate.invoke (node_modules/zone.js/fesm2015/zone.js:398:28)
	    at _ProxyZoneSpec.onInvoke (node_modules/zone.js/fesm2015/zone-testing.js:2132:39)
	    at _ZoneDelegate.invoke (node_modules/zone.js/fesm2015/zone.js:397:34)
	    at ZoneImpl.run (node_modules/zone.js/fesm2015/zone.js:113:43)
	    at runInTestZone (node_modules/zone.js/fesm2015/zone-testing.js:216:38)
	    at UserContext.<anonymous> (node_modules/zone.js/fesm2015/zone-testing.js:234:32)
	    at <Jasmine>
Chrome 143.0.0.0 (Windows 10): Executed 2 of 37[31m (2 FAILED)[39m (0 secs / 0.342 secs)
[1A[2K[31mChrome 143.0.0.0 (Windows 10) TransactionManager should load data on init FAILED[39m
	╔ÁNotFound: NG0201: No provider found for `ActivatedRoute`. Source: Standalone[TransactionManager2]. Find more at https://v20.angular.dev/errors/NG0201
	error properties: Object({ code: -201, ngErrorCode: -201, ngErrorMessage: 'No provider found for `ActivatedRoute`.', ngTokenPath: [ 'ActivatedRoute' ] })
	╔ÁNotFound: NG0201: No provider found for `ActivatedRoute`. Source: Standalone[TransactionManager2]. Find more at https://v20.angular.dev/errors/NG0201
	    at createRuntimeError (node_modules/@angular/core/fesm2022/root_effect_scheduler.mjs:924:19)
	    at NullInjector.get (node_modules/@angular/core/fesm2022/root_effect_scheduler.mjs:1494:27)
	    at R3Injector.get (node_modules/@angular/core/fesm2022/root_effect_scheduler.mjs:2052:33)
	    at R3Injector.get (node_modules/@angular/core/fesm2022/root_effect_scheduler.mjs:2052:33)
	    at R3Injector.get (node_modules/@angular/core/fesm2022/root_effect_scheduler.mjs:2052:33)
	    at ChainedInjector.get (node_modules/@angular/core/fesm2022/debug_node.mjs:13422:36)
	    at lookupTokenUsingModuleInjector (node_modules/@angular/core/fesm2022/debug_node.mjs:1718:39)
	    at getOrCreateInjectable (node_modules/@angular/core/fesm2022/debug_node.mjs:1766:12)
	    at ╔Á╔ÁdirectiveInject (node_modules/@angular/core/fesm2022/debug_node.mjs:13473:19)
	    at ╔Á╔Áinject (node_modules/@angular/core/fesm2022/root_effect_scheduler.mjs:1061:42)
	TypeError: Cannot read properties of undefined (reading 'getTransactions')
	    at UserContext.<anonymous> (src/app/components/transaction-manager/transaction-manager.spec.ts:78:31)
	    at _ZoneDelegate.invoke (node_modules/zone.js/fesm2015/zone.js:398:28)
	    at _ProxyZoneSpec.onInvoke (node_modules/zone.js/fesm2015/zone-testing.js:2132:39)
	    at _ZoneDelegate.invoke (node_modules/zone.js/fesm2015/zone.js:397:34)
	    at ZoneImpl.run (node_modules/zone.js/fesm2015/zone.js:113:43)
	    at runInTestZone (node_modules/zone.js/fesm2015/zone-testing.js:216:38)
	    at UserContext.<anonymous> (node_modules/zone.js/fesm2015/zone-testing.js:234:32)
	    at <Jasmine>
Chrome 143.0.0.0 (Windows 10): Executed 3 of 37[31m (3 FAILED)[39m (0 secs / 0.357 secs)
[1A[2K[31mChrome 143.0.0.0 (Windows 10) TransactionManager should create FAILED[39m
	╔ÁNotFound: NG0201: No provider found for `ActivatedRoute`. Source: Standalone[TransactionManager2]. Find more at https://v20.angular.dev/errors/NG0201
	error properties: Object({ code: -201, ngErrorCode: -201, ngErrorMessage: 'No provider found for `ActivatedRoute`.', ngTokenPath: [ 'ActivatedRoute' ] })
	╔ÁNotFound: NG0201: No provider found for `ActivatedRoute`. Source: Standalone[TransactionManager2]. Find more at https://v20.angular.dev/errors/NG0201
	    at createRuntimeError (node_modules/@angular/core/fesm2022/root_effect_scheduler.mjs:924:19)
	    at NullInjector.get (node_modules/@angular/core/fesm2022/root_effect_scheduler.mjs:1494:27)
	    at R3Injector.get (node_modules/@angular/core/fesm2022/root_effect_scheduler.mjs:2052:33)
	    at R3Injector.get (node_modules/@angular/core/fesm2022/root_effect_scheduler.mjs:2052:33)
	    at R3Injector.get (node_modules/@angular/core/fesm2022/root_effect_scheduler.mjs:2052:33)
	    at ChainedInjector.get (node_modules/@angular/core/fesm2022/debug_node.mjs:13422:36)
	    at lookupTokenUsingModuleInjector (node_modules/@angular/core/fesm2022/debug_node.mjs:1718:39)
	    at getOrCreateInjectable (node_modules/@angular/core/fesm2022/debug_node.mjs:1766:12)
	    at ╔Á╔ÁdirectiveInject (node_modules/@angular/core/fesm2022/debug_node.mjs:13473:19)
	    at ╔Á╔Áinject (node_modules/@angular/core/fesm2022/root_effect_scheduler.mjs:1061:42)
	Error: Expected undefined to be truthy.
	    at <Jasmine>
	    at UserContext.<anonymous> (src/app/components/transaction-manager/transaction-manager.spec.ts:74:23)
	    at _ZoneDelegate.invoke (node_modules/zone.js/fesm2015/zone.js:398:28)
	    at _ProxyZoneSpec.onInvoke (node_modules/zone.js/fesm2015/zone-testing.js:2132:39)
Chrome 143.0.0.0 (Windows 10): Executed 4 of 37[31m (4 FAILED)[39m (0 secs / 0.361 secs)
[1A[2K[31mChrome 143.0.0.0 (Windows 10) TransactionManager should clear filters FAILED[39m
	╔ÁNotFound: NG0201: No provider found for `ActivatedRoute`. Source: Standalone[TransactionManager2]. Find more at https://v20.angular.dev/errors/NG0201
	error properties: Object({ code: -201, ngErrorCode: -201, ngErrorMessage: 'No provider found for `ActivatedRoute`.', ngTokenPath: [ 'ActivatedRoute' ] })
	╔ÁNotFound: NG0201: No provider found for `ActivatedRoute`. Source: Standalone[TransactionManager2]. Find more at https://v20.angular.dev/errors/NG0201
	    at createRuntimeError (node_modules/@angular/core/fesm2022/root_effect_scheduler.mjs:924:19)
	    at NullInjector.get (node_modules/@angular/core/fesm2022/root_effect_scheduler.mjs:1494:27)
	    at R3Injector.get (node_modules/@angular/core/fesm2022/root_effect_scheduler.mjs:2052:33)
	    at R3Injector.get (node_modules/@angular/core/fesm2022/root_effect_scheduler.mjs:2052:33)
	    at R3Injector.get (node_modules/@angular/core/fesm2022/root_effect_scheduler.mjs:2052:33)
	    at ChainedInjector.get (node_modules/@angular/core/fesm2022/debug_node.mjs:13422:36)
	    at lookupTokenUsingModuleInjector (node_modules/@angular/core/fesm2022/debug_node.mjs:1718:39)
	    at getOrCreateInjectable (node_modules/@angular/core/fesm2022/debug_node.mjs:1766:12)
	    at ╔Á╔ÁdirectiveInject (node_modules/@angular/core/fesm2022/debug_node.mjs:13473:19)
	    at ╔Á╔Áinject (node_modules/@angular/core/fesm2022/root_effect_scheduler.mjs:1061:42)
	TypeError: Cannot read properties of undefined (reading 'filterDateRange')
	    at UserContext.<anonymous> (src/app/components/transaction-manager/transaction-manager.spec.ts:95:15)
	    at _ZoneDelegate.invoke (node_modules/zone.js/fesm2015/zone.js:398:28)
	    at _ProxyZoneSpec.onInvoke (node_modules/zone.js/fesm2015/zone-testing.js:2132:39)
	    at _ZoneDelegate.invoke (node_modules/zone.js/fesm2015/zone.js:397:34)
	    at ZoneImpl.run (node_modules/zone.js/fesm2015/zone.js:113:43)
	    at runInTestZone (node_modules/zone.js/fesm2015/zone-testing.js:216:38)
	    at UserContext.<anonymous> (node_modules/zone.js/fesm2015/zone-testing.js:234:32)
	    at <Jasmine>
Chrome 143.0.0.0 (Windows 10): Executed 5 of 37[31m (5 FAILED)[39m (0 secs / 0.364 secs)
[1A[2K[31mChrome 143.0.0.0 (Windows 10) TransactionManager should handle date range change FAILED[39m
	╔ÁNotFound: NG0201: No provider found for `ActivatedRoute`. Source: Standalone[TransactionManager2]. Find more at https://v20.angular.dev/errors/NG0201
	error properties: Object({ code: -201, ngErrorCode: -201, ngErrorMessage: 'No provider found for `ActivatedRoute`.', ngTokenPath: [ 'ActivatedRoute' ] })
	╔ÁNotFound: NG0201: No provider found for `ActivatedRoute`. Source: Standalone[TransactionManager2]. Find more at https://v20.angular.dev/errors/NG0201
	    at createRuntimeError (node_modules/@angular/core/fesm2022/root_effect_scheduler.mjs:924:19)
	    at NullInjector.get (node_modules/@angular/core/fesm2022/root_effect_scheduler.mjs:1494:27)
	    at R3Injector.get (node_modules/@angular/core/fesm2022/root_effect_scheduler.mjs:2052:33)
	    at R3Injector.get (node_modules/@angular/core/fesm2022/root_effect_scheduler.mjs:2052:33)
	    at R3Injector.get (node_modules/@angular/core/fesm2022/root_effect_scheduler.mjs:2052:33)
	    at ChainedInjector.get (node_modules/@angular/core/fesm2022/debug_node.mjs:13422:36)
	    at lookupTokenUsingModuleInjector (node_modules/@angular/core/fesm2022/debug_node.mjs:1718:39)
	    at getOrCreateInjectable (node_modules/@angular/core/fesm2022/debug_node.mjs:1766:12)
	    at ╔Á╔ÁdirectiveInject (node_modules/@angular/core/fesm2022/debug_node.mjs:13473:19)
	    at ╔Á╔Áinject (node_modules/@angular/core/fesm2022/root_effect_scheduler.mjs:1061:42)
	TypeError: Cannot read properties of undefined (reading 'filterDateRange')
	    at UserContext.<anonymous> (src/app/components/transaction-manager/transaction-manager.spec.ts:85:15)
	    at _ZoneDelegate.invoke (node_modules/zone.js/fesm2015/zone.js:398:28)
	    at _ProxyZoneSpec.onInvoke (node_modules/zone.js/fesm2015/zone-testing.js:2132:39)
	    at _ZoneDelegate.invoke (node_modules/zone.js/fesm2015/zone.js:397:34)
	    at ZoneImpl.run (node_modules/zone.js/fesm2015/zone.js:113:43)
	    at runInTestZone (node_modules/zone.js/fesm2015/zone-testing.js:216:38)
	    at UserContext.<anonymous> (node_modules/zone.js/fesm2015/zone-testing.js:234:32)
	    at <Jasmine>
Chrome 143.0.0.0 (Windows 10): Executed 6 of 37[31m (6 FAILED)[39m (0 secs / 0.366 secs)
[1A[2KChrome 143.0.0.0 (Windows 10): Executed 7 of 37[31m (6 FAILED)[39m (0 secs / 0.441 secs)
[1A[2KChrome 143.0.0.0 (Windows 10): Executed 8 of 37[31m (6 FAILED)[39m (0 secs / 0.443 secs)
[1A[2KChrome 143.0.0.0 (Windows 10): Executed 9 of 37[31m (6 FAILED)[39m (0 secs / 0.444 secs)
[1A[2KChrome 143.0.0.0 (Windows 10): Executed 10 of 37[31m (6 FAILED)[39m (0 secs / 0.445 secs)
[1A[2KChrome 143.0.0.0 (Windows 10): Executed 11 of 37[31m (6 FAILED)[39m (0 secs / 0.446 secs)
[1A[2KChrome 143.0.0.0 (Windows 10): Executed 12 of 37[31m (6 FAILED)[39m (0 secs / 0.447 secs)
[1A[2KChrome 143.0.0.0 (Windows 10): Executed 13 of 37[31m (6 FAILED)[39m (0 secs / 0.448 secs)
[1A[2K[31mChrome 143.0.0.0 (Windows 10) TransactionService should get transactions with query params FAILED[39m
	Error: Expected one matching request for criteria "Match by function: ", found none. Requests received are: GET http://127.0.0.1:8000/api/transactions?month=1&year=2023&limit=10&start_date=2023-01-01&end_date=2023-01-31&.
	    at _HttpClientTestingBackend.expectOne (node_modules/@angular/common/fesm2022/http/testing.mjs:273:19)
	    at UserContext.<anonymous> (src/app/services/transaction.service.spec.ts:37:26)
	    at _ZoneDelegate.invoke (node_modules/zone.js/fesm2015/zone.js:398:28)
	    at _ProxyZoneSpec.onInvoke (node_modules/zone.js/fesm2015/zone-testing.js:2132:39)
	    at _ZoneDelegate.invoke (node_modules/zone.js/fesm2015/zone.js:397:34)
	    at ZoneImpl.run (node_modules/zone.js/fesm2015/zone.js:113:43)
	    at runInTestZone (node_modules/zone.js/fesm2015/zone-testing.js:216:38)
	    at UserContext.<anonymous> (node_modules/zone.js/fesm2015/zone-testing.js:234:32)
	    at <Jasmine>
	Error: Expected no open requests, found 1: GET http://127.0.0.1:8000/api/transactions?month=1&year=2023&limit=10&start_date=2023-01-01&end_date=2023-01-31&
	    at _HttpClientTestingBackend.verify (node_modules/@angular/common/fesm2022/http/testing.mjs:301:19)
	    at UserContext.<anonymous> (src/app/services/transaction.service.spec.ts:22:14)
	    at _ZoneDelegate.invoke (node_modules/zone.js/fesm2015/zone.js:398:28)
	    at _ProxyZoneSpec.onInvoke (node_modules/zone.js/fesm2015/zone-testing.js:2132:39)
	    at _ZoneDelegate.invoke (node_modules/zone.js/fesm2015/zone.js:397:34)
	    at ZoneImpl.run (node_modules/zone.js/fesm2015/zone.js:113:43)
	    at runInTestZone (node_modules/zone.js/fesm2015/zone-testing.js:216:38)
	    at UserContext.<anonymous> (node_modules/zone.js/fesm2015/zone-testing.js:234:32)
	    at <Jasmine>
Chrome 143.0.0.0 (Windows 10): Executed 14 of 37[31m (7 FAILED)[39m (0 secs / 0.456 secs)
[1A[2KChrome 143.0.0.0 (Windows 10): Executed 15 of 37[31m (7 FAILED)[39m (0 secs / 0.457 secs)
[1A[2KChrome 143.0.0.0 (Windows 10): Executed 16 of 37[31m (7 FAILED)[39m (0 secs / 0.458 secs)
[1A[2KChrome 143.0.0.0 (Windows 10): Executed 17 of 37[31m (7 FAILED)[39m (0 secs / 0.459 secs)
[1A[2KChrome 143.0.0.0 (Windows 10): Executed 18 of 37[31m (7 FAILED)[39m (0 secs / 0.46 secs)
[1A[2KChrome 143.0.0.0 (Windows 10): Executed 19 of 37[31m (7 FAILED)[39m (0 secs / 0.484 secs)
[1A[2K[31mChrome 143.0.0.0 (Windows 10) Dashboard should load summary and accounts on init FAILED[39m
	╔ÁNotFound: NG0201: No provider found for `ActivatedRoute`. Source: Standalone[Dashboard2]. Find more at https://v20.angular.dev/errors/NG0201
	error properties: Object({ code: -201, ngErrorCode: -201, ngErrorMessage: 'No provider found for `ActivatedRoute`.', ngTokenPath: [ 'ActivatedRoute' ] })
	╔ÁNotFound: NG0201: No provider found for `ActivatedRoute`. Source: Standalone[Dashboard2]. Find more at https://v20.angular.dev/errors/NG0201
	    at createRuntimeError (node_modules/@angular/core/fesm2022/root_effect_scheduler.mjs:924:19)
	    at NullInjector.get (node_modules/@angular/core/fesm2022/root_effect_scheduler.mjs:1494:27)
	    at R3Injector.get (node_modules/@angular/core/fesm2022/root_effect_scheduler.mjs:2052:33)
	    at R3Injector.get (node_modules/@angular/core/fesm2022/root_effect_scheduler.mjs:2052:33)
	    at R3Injector.get (node_modules/@angular/core/fesm2022/root_effect_scheduler.mjs:2052:33)
	    at ChainedInjector.get (node_modules/@angular/core/fesm2022/debug_node.mjs:13422:36)
	    at lookupTokenUsingModuleInjector (node_modules/@angular/core/fesm2022/debug_node.mjs:1718:39)
	    at getOrCreateInjectable (node_modules/@angular/core/fesm2022/debug_node.mjs:1766:12)
	    at ╔Á╔ÁdirectiveInject (node_modules/@angular/core/fesm2022/debug_node.mjs:13473:19)
	    at NodeInjectorFactory._RouterLink_Factory [as factory] (ng:///_RouterLink/╔Áfac.js:5:7)
Chrome 143.0.0.0 (Windows 10): Executed 20 of 37[31m (8 FAILED)[39m (0 secs / 0.52 secs)
[1A[2K[31mChrome 143.0.0.0 (Windows 10) Dashboard should create FAILED[39m
	╔ÁNotFound: NG0201: No provider found for `ActivatedRoute`. Source: Standalone[Dashboard2]. Find more at https://v20.angular.dev/errors/NG0201
	error properties: Object({ code: -201, ngErrorCode: -201, ngErrorMessage: 'No provider found for `ActivatedRoute`.', ngTokenPath: [ 'ActivatedRoute' ] })
	╔ÁNotFound: NG0201: No provider found for `ActivatedRoute`. Source: Standalone[Dashboard2]. Find more at https://v20.angular.dev/errors/NG0201
	    at createRuntimeError (node_modules/@angular/core/fesm2022/root_effect_scheduler.mjs:924:19)
	    at NullInjector.get (node_modules/@angular/core/fesm2022/root_effect_scheduler.mjs:1494:27)
	    at R3Injector.get (node_modules/@angular/core/fesm2022/root_effect_scheduler.mjs:2052:33)
	    at R3Injector.get (node_modules/@angular/core/fesm2022/root_effect_scheduler.mjs:2052:33)
	    at R3Injector.get (node_modules/@angular/core/fesm2022/root_effect_scheduler.mjs:2052:33)
	    at ChainedInjector.get (node_modules/@angular/core/fesm2022/debug_node.mjs:13422:36)
	    at lookupTokenUsingModuleInjector (node_modules/@angular/core/fesm2022/debug_node.mjs:1718:39)
	    at getOrCreateInjectable (node_modules/@angular/core/fesm2022/debug_node.mjs:1766:12)
	    at ╔Á╔ÁdirectiveInject (node_modules/@angular/core/fesm2022/debug_node.mjs:13473:19)
	    at NodeInjectorFactory._RouterLink_Factory [as factory] (ng:///_RouterLink/╔Áfac.js:5:7)
Chrome 143.0.0.0 (Windows 10): Executed 21 of 37[31m (9 FAILED)[39m (0 secs / 0.525 secs)
[1A[2KChrome 143.0.0.0 (Windows 10): Executed 22 of 37[31m (9 FAILED)[39m (0 secs / 0.563 secs)
[1A[2KChrome 143.0.0.0 (Windows 10): Executed 23 of 37[31m (9 FAILED)[39m (0 secs / 0.586 secs)
[1A[2KChrome 143.0.0.0 (Windows 10): Executed 24 of 37[31m (9 FAILED)[39m (0 secs / 0.644 secs)
[1A[2KChrome 143.0.0.0 (Windows 10): Executed 25 of 37[31m (9 FAILED)[39m (0 secs / 0.675 secs)
[1A[2KChrome 143.0.0.0 (Windows 10): Executed 26 of 37[31m (9 FAILED)[39m (0 secs / 0.703 secs)
[1A[2KChrome 143.0.0.0 (Windows 10): Executed 27 of 37[31m (9 FAILED)[39m (0 secs / 0.734 secs)
[1A[2KChrome 143.0.0.0 (Windows 10): Executed 28 of 37[31m (9 FAILED)[39m (0 secs / 0.75 secs)
[1A[2KChrome 143.0.0.0 (Windows 10): Executed 29 of 37[31m (9 FAILED)[39m (0 secs / 0.751 secs)
[1A[2KChrome 143.0.0.0 (Windows 10): Executed 30 of 37[31m (9 FAILED)[39m (0 secs / 0.752 secs)
[1A[2KChrome 143.0.0.0 (Windows 10): Executed 31 of 37[31m (9 FAILED)[39m (0 secs / 0.753 secs)
[1A[2KChrome 143.0.0.0 (Windows 10): Executed 32 of 37[31m (9 FAILED)[39m (0 secs / 0.754 secs)
[1A[2KChrome 143.0.0.0 (Windows 10): Executed 33 of 37[31m (9 FAILED)[39m (0 secs / 0.754 secs)
[1A[2KWARN: [36m'Spec 'AuthService should logout when session expires' has no expectations.'[39m
Chrome 143.0.0.0 (Windows 10): Executed 33 of 37[31m (9 FAILED)[39m (0 secs / 0.754 secs)
WARN: 'Spec 'AuthService should logout when session expires' has no expectations.'
[1A[2KChrome 143.0.0.0 (Windows 10): Executed 34 of 37[31m (9 FAILED)[39m (0 secs / 0.755 secs)
[1A[2K[31mChrome 143.0.0.0 (Windows 10) App should create the app FAILED[39m
	╔ÁNotFound: NG0201: No provider found for `_HttpClient`. Source: Standalone[App2]. Path: UserPreferenceService2 -> _HttpClient. Find more at https://v20.angular.dev/errors/NG0201
	error properties: Object({ code: -201, ngErrorCode: -201, ngErrorMessage: 'No provider found for `_HttpClient`.', ngTokenPath: [ 'UserPreferenceService2', '_HttpClient' ] })
	╔ÁNotFound: NG0201: No provider found for `_HttpClient`. Source: Standalone[App2]. Path: UserPreferenceService2 -> _HttpClient. Find more at https://v20.angular.dev/errors/NG0201
	    at createRuntimeError (node_modules/@angular/core/fesm2022/root_effect_scheduler.mjs:924:19)
	    at NullInjector.get (node_modules/@angular/core/fesm2022/root_effect_scheduler.mjs:1494:27)
	    at R3Injector.get (node_modules/@angular/core/fesm2022/root_effect_scheduler.mjs:2052:33)
	    at R3Injector.get (node_modules/@angular/core/fesm2022/root_effect_scheduler.mjs:2052:33)
	    at R3Injector.retrieve (node_modules/@angular/core/fesm2022/root_effect_scheduler.mjs:1936:25)
	    at injectInjectorOnly (node_modules/@angular/core/fesm2022/root_effect_scheduler.mjs:1049:39)
	    at ╔Á╔Áinject (node_modules/@angular/core/fesm2022/root_effect_scheduler.mjs:1061:42)
	    at Object.UserPreferenceService2_Factory [as factory] (ng:///UserPreferenceService2/╔Áfac.js:4:66)
	    at node_modules/@angular/core/fesm2022/root_effect_scheduler.mjs:2194:47
	    at runInInjectorProfilerContext (node_modules/@angular/core/fesm2022/root_effect_scheduler.mjs:749:9)
Chrome 143.0.0.0 (Windows 10): Executed 35 of 37[31m (10 FAILED)[39m (0 secs / 0.757 secs)
[1A[2K[31mChrome 143.0.0.0 (Windows 10) App should render title FAILED[39m
	╔ÁNotFound: NG0201: No provider found for `_HttpClient`. Source: Standalone[App2]. Path: UserPreferenceService2 -> _HttpClient. Find more at https://v20.angular.dev/errors/NG0201
	error properties: Object({ code: -201, ngErrorCode: -201, ngErrorMessage: 'No provider found for `_HttpClient`.', ngTokenPath: [ 'UserPreferenceService2', '_HttpClient' ] })
	╔ÁNotFound: NG0201: No provider found for `_HttpClient`. Source: Standalone[App2]. Path: UserPreferenceService2 -> _HttpClient. Find more at https://v20.angular.dev/errors/NG0201
	    at createRuntimeError (node_modules/@angular/core/fesm2022/root_effect_scheduler.mjs:924:19)
	    at NullInjector.get (node_modules/@angular/core/fesm2022/root_effect_scheduler.mjs:1494:27)
	    at R3Injector.get (node_modules/@angular/core/fesm2022/root_effect_scheduler.mjs:2052:33)
	    at R3Injector.get (node_modules/@angular/core/fesm2022/root_effect_scheduler.mjs:2052:33)
	    at R3Injector.retrieve (node_modules/@angular/core/fesm2022/root_effect_scheduler.mjs:1936:25)
	    at injectInjectorOnly (node_modules/@angular/core/fesm2022/root_effect_scheduler.mjs:1049:39)
	    at ╔Á╔Áinject (node_modules/@angular/core/fesm2022/root_effect_scheduler.mjs:1061:42)
	    at Object.UserPreferenceService2_Factory [as factory] (ng:///UserPreferenceService2/╔Áfac.js:4:66)
	    at node_modules/@angular/core/fesm2022/root_effect_scheduler.mjs:2194:47
	    at runInInjectorProfilerContext (node_modules/@angular/core/fesm2022/root_effect_scheduler.mjs:749:9)
Chrome 143.0.0.0 (Windows 10): Executed 36 of 37[31m (11 FAILED)[39m (0 secs / 0.758 secs)
[1A[2KChrome 143.0.0.0 (Windows 10): Executed 37 of 37[31m (11 FAILED)[39m (0 secs / 0.767 secs)
[1A[2KChrome 143.0.0.0 (Windows 10): Executed 37 of 37[31m (11 FAILED)[39m (0.806 secs / 0.767 secs)
[31mTOTAL: 11 FAILED, 26 SUCCESS[39m
